 SAP2000 v14.2.2 Advanced (Analysis Build 8851/32)                              
 File: D:\LVTN\XUAT SAP\TEST\san.OUT                                            
                                                                     
                                                                       

 D I S P L A C E M E N T   D E G R E E S   O F   F R E E D O M

         (A) = Active DOF, equilibrium equation
         (-) = Restrained DOF, reaction computed
         (+) = Constrained DOF
         (>) = External substructure DOF
         ( ) = Null DOF

  JOINTS              UX  UY  UZ  RX  RY  RZ
       2 TO     448    -   -   -   -   -   -
     449 TO     474    A   A   A   A   A   A
